Generating jailbreak prompts...
✓ Generated 6 jailbreak prompts
 * Serving Flask app 'groq_testing'
 * Debug mode: on
WARNING: This is a development server. Do not use it in a production deployment. Use a production WSGI server instead.
 * Running on http://127.0.0.1:5001
Press CTRL+C to quit
 * Restarting with stat
 * Debugger is active!
 * Debugger PIN: 827-036-714
Generating jailbreak prompts...
✓ Generated 6 jailbreak prompts
/opt/miniconda3/lib/python3.13/multiprocessing/resource_tracker.py:301: UserWarning: resource_tracker: There appear to be 1 leaked semaphore objects to clean up at shutdown: {'/mp-j5x0nzor'}
  warnings.warn(
